[5012:13676:0307/132618.014:WARNING:chrome_main_delegate.cc(745)] This is Chrome version 128.0.6613.138 (not a warning)
[21660:28156:0307/132618.014:WARNING:chrome_main_delegate.cc(745)] This is Chrome version 128.0.6613.138 (not a warning)
[5012:13676:0307/132622.645:WARNING:account_consistency_mode_manager.cc(77)] Desktop Identity Consistency cannot be enabled as no OAuth client ID and client secret have been configured.
[21660:28156:0307/132638.362:WARNING:chrome_main_delegate.cc(745)] This is Chrome version 128.0.6613.138 (not a warning)
[21660:28156:0307/132638.605:WARNING:account_consistency_mode_manager.cc(77)] Desktop Identity Consistency cannot be enabled as no OAuth client ID and client secret have been configured.
[21660:28564:0307/132724.649:WARNING:browser_info.cc(345)] Returning a speculative frame for [9,9]
[21660:28156:0307/132724.735:WARNING:browser_info.cc(345)] Returning a speculative frame for [10,5]
[21660:28156:0307/132724.735:WARNING:browser_info.cc(345)] Returning a speculative frame for [10,5]
[21660:28156:0307/132724.735:WARNING:browser_info.cc(345)] Returning a speculative frame for [10,5]
[21660:28156:0307/132724.735:WARNING:browser_info.cc(345)] Returning a speculative frame for [10,5]
[21660:28564:0307/132724.800:WARNING:browser_info.cc(345)] Returning a speculative frame for [10,5]
[5012:32056:0307/132725.203:WARNING:browser_info.cc(345)] Returning a speculative frame for [9,9]
[5012:13676:0307/132725.856:WARNING:browser_info.cc(345)] Returning a speculative frame for [10,9]
[5012:13676:0307/132725.856:WARNING:browser_info.cc(345)] Returning a speculative frame for [10,9]
[5012:13676:0307/132725.856:WARNING:browser_info.cc(345)] Returning a speculative frame for [10,9]
[5012:13676:0307/132725.856:WARNING:browser_info.cc(345)] Returning a speculative frame for [10,9]
[5012:32056:0307/132725.869:WARNING:browser_info.cc(345)] Returning a speculative frame for [10,9]
[32164:32168:0307/132941.682:ERROR:shared_image_manager.cc(224)] SharedImageManager::ProduceSkia: Trying to Produce a Skia representation from a non-existent mailbox.
[32164:32168:0307/132941.683:ERROR:shared_image_manager.cc(224)] SharedImageManager::ProduceSkia: Trying to Produce a Skia representation from a non-existent mailbox.
[28696:10200:0307/132950.547:ERROR:shared_image_manager.cc(224)] SharedImageManager::ProduceSkia: Trying to Produce a Skia representation from a non-existent mailbox.
[28696:10200:0307/132950.547:ERROR:shared_image_manager.cc(224)] SharedImageManager::ProduceSkia: Trying to Produce a Skia representation from a non-existent mailbox.
[5012:13676:0307/140541.055:ERROR:device_event_log_impl.cc(196)] [14:05:40.967] USB: usb_service_win.cc:105 SetupDiGetDeviceProperty({{A45C254E-DF1C-4EFD-8020-67D146A850E0}, 6}) failed: Kan element niet vinden. (0x490)
[21660:28156:0307/140541.228:ERROR:device_event_log_impl.cc(196)] [14:05:40.967] USB: usb_service_win.cc:105 SetupDiGetDeviceProperty({{A45C254E-DF1C-4EFD-8020-67D146A850E0}, 6}) failed: Kan element niet vinden. (0x490)
[5012:13676:0307/145349.291:WARNING:pref_notifier_impl.cc(41)] Pref observer for media_router.cast_allow_all_ips found at shutdown.
[21660:28156:0307/145836.039:WARNING:pref_notifier_impl.cc(41)] Pref observer for media_router.cast_allow_all_ips found at shutdown.
